21:26:16 **** Auto Build of configuration Debug for project UART_TEST_1_bsp_xuartlite_polled_example_1 ****
make pre-build main-build 
a9-linaro-pre-build-step
' '
'Building file: ../src/xuartlite_polled_example.c'
'Invoking: ARM v7 gcc compiler'
arm-none-eabi-gcc -Wall -O0 -g3 -c -fmessage-length=0 -MT"src/xuartlite_polled_example.o" -mcpu=cortex-a9 -mfpu=vfpv3 -mfloat-abi=hard -I../../UART_TEST_1_bsp/ps7_cortexa9_0/include -MMD -MP -MF"src/xuartlite_polled_example.d" -MT"src/xuartlite_polled_example.o" -o "src/xuartlite_polled_example.o" "../src/xuartlite_polled_example.c"
'Finished building: ../src/xuartlite_polled_example.c'
' '
'Building target: UART_TEST_1_bsp_xuartlite_polled_example_1.elf'
'Invoking: ARM v7 gcc linker'
arm-none-eabi-gcc -mcpu=cortex-a9 -mfpu=vfpv3 -mfloat-abi=hard -Wl,-build-id=none -specs=Xilinx.spec -Wl,-T -Wl,../src/lscript.ld -L../../UART_TEST_1_bsp/ps7_cortexa9_0/lib -o "UART_TEST_1_bsp_xuartlite_polled_example_1.elf"  ./src/xuartlite_polled_example.o   -Wl,--start-group,-lxil,-lgcc,-lc,--end-group
'Finished building target: UART_TEST_1_bsp_xuartlite_polled_example_1.elf'
' '
'Invoking: ARM v7 Print Size'
arm-none-eabi-size UART_TEST_1_bsp_xuartlite_polled_example_1.elf  |tee "UART_TEST_1_bsp_xuartlite_polled_example_1.elf.size"
   text	   data	    bss	    dec	    hex	filename
  24564	   1168	  22696	  48428	   bd2c	UART_TEST_1_bsp_xuartlite_polled_example_1.elf
'Finished building: UART_TEST_1_bsp_xuartlite_polled_example_1.elf.size'
' '

21:26:17 Build Finished (took 722ms)

